#client
plugin@com.zizibujuan.drip.client.core=GIT,repo=git://github.com/hobos/baosuzhai.git,path=client/bundles/com.zizibujuan.drip.client.core
plugin@com.zizibujuan.drip.client.dojo=GIT,repo=git://github.com/hobos/baosuzhai.git,path=client/bundles/com.zizibujuan.drip.client.dojo

#server
#plugin@org.eclipse.orion.server.core=GIT,tag=v20120619-1547,repo=git://git.eclipse.org/gitroot/orion/org.eclipse.orion.server.git,path=bundles/org.eclipse.orion.server.core
#plugin@org.eclipse.orion.server.servlets=GIT,tag=v20120705-1900,repo=git://git.eclipse.org/gitroot/orion/org.eclipse.orion.server.git,path=bundles/org.eclipse.orion.server.servlets
plugin@com.zizibujuan.drip.server.configurator=GIT,repo=git://github.com/hobos/baosuzhai.git,path=server/bundles/com.zizibujuan.drip.server.configurator
#fragment@org.eclipse.orion.server.logback.config=GIT,tag=v20111007-1713,repo=git://git.eclipse.org/gitroot/orion/org.eclipse.orion.server.git,path=bundles/org.eclipse.orion.server.logback.config

#ui
#plugin@org.eclipse.orion.server.ui=GIT,tag=v20110606-1500,repo=git://git.eclipse.org/gitroot/orion/org.eclipse.orion.server.git,path=bundles/org.eclipse.orion.server.ui

#doc
#plugin@org.eclipse.orion.doc.isv=GIT,tag=v20120530-1934,repo=git://git.eclipse.org/gitroot/orion/org.eclipse.orion.server.git,path=doc/org.eclipse.orion.doc.isv

#tests
#plugin@org.eclipse.orion.server.tests=GIT,tag=v20120710-1341,repo=git://git.eclipse.org/gitroot/orion/org.eclipse.orion.server.git,path=tests/org.eclipse.orion.server.tests

#git
#plugin@org.eclipse.jgit=p2IU,id=org.eclipse.jgit,repository=http://download.eclipse.org/egit/updates-nightly

#features
#feature@org.eclipse.orion.base.feature=GIT,tag=v20120530-1904,repo=git://git.eclipse.org/gitroot/orion/org.eclipse.orion.server.git,path=features/org.eclipse.orion.base-feature